Loading round-4 (GDELT-joined) dataset...
228851 rows

########## Pooled rolling-CV: round-3 combined vs plus-GDELT ##########

--- 10day / round3_combined ---
  precision=0.346 recall=0.698 AP=0.512 AUC=0.841

--- 10day / plus_gdelt ---
  precision=0.351 recall=0.694 AP=0.514 AUC=0.841

--- 14day / round3_combined ---
  precision=0.414 recall=0.690 AP=0.566 AUC=0.839

--- 14day / plus_gdelt ---
  precision=0.419 recall=0.685 AP=0.568 AUC=0.840


########## Frozen-threshold @ 80% target: round-3 combined (reproducibility) vs plus-GDELT ##########

--- 10day / round3_combined ---
  SELECT:  precision=0.800 recall=0.208
  HOLDOUT: precision=0.723 recall=0.093 n=102752
  HOLDOUT (support-filtered): precision=0.723 recall=0.160

--- 14day / round3_combined ---
  SELECT:  precision=0.800 recall=0.285
  HOLDOUT: precision=0.688 recall=0.126 n=102752
  HOLDOUT (support-filtered): precision=0.687 recall=0.221

--- 10day / plus_gdelt ---
  SELECT:  precision=0.800 recall=0.212
  HOLDOUT: precision=0.739 recall=0.088 n=102752
  HOLDOUT (support-filtered): precision=0.738 recall=0.152

--- 14day / plus_gdelt ---
  SELECT:  precision=0.800 recall=0.280
  HOLDOUT: precision=0.712 recall=0.119 n=102752
  HOLDOUT (support-filtered): precision=0.711 recall=0.208


Saved ../results/round4_gdelt_results.json
